../Core/Src/can_config.c:108:6:CAN_Init	8	static
../Core/Src/can_config.c:153:6:HAL_CAN_RxFifo0MsgPendingCallback	16	static
../Core/Src/can_config.c:169:6:CAN_On_Receive	16	static
../Core/Src/can_config.c:191:6:CAN_Receive	24	static
../Core/Src/can_config.c:209:6:CAN_Transmit	24	static
../Core/Src/can_config.c:223:6:CAN_Respond	16	static
../Core/Src/can_config.c:239:6:CAN_ProcessWriteCommand	16	static
../Core/Src/can_config.c:258:6:CAN_AcknowledgeWriteMessage	16	static
../Core/Src/can_config.c:272:6:CAN_ReportError	16	static
../Core/Src/can_config.c:286:6:CANBUS_Error_Handler	8	static,ignoring_inline_asm
../Core/Src/can_config.c:300:6:Read_Var_1_Handler	8	static
../Core/Src/can_config.c:314:6:Write_Toggle_Green_LED_Handler	16	static
